// Jest Snapshot v1, https://goo.gl/fbAQLP

exports[`<FormattedMessage> should work with mount enzyme 1`] = `
<span>
  <FormattedMessage
    id="foo"
    values={Object {}}
  >
    hello foo
  </FormattedMessage>
</span>
`;

exports[`<FormattedMessage> should work with shallow enzyme 1`] = `
<ContextConsumer>
  <Component />
</ContextConsumer>
`;

exports[`<FormattedMessage> should work with shallow enzyme 2`] = `
<Fragment>
  hello foo
</Fragment>
`;
